00:00 +0: loading C:/flutter projects/flutter-learning-journey-wael-abu-hamza/test/widget_test.dart
00:00 +0: SnackBar smoke test
ΓòÉΓòÉΓòí EXCEPTION CAUGHT BY WIDGETS LIBRARY Γò₧ΓòÉΓòÉΓòÉΓòÉΓòÉΓòÉΓòÉΓòÉΓòÉΓòÉΓòÉΓòÉΓòÉΓòÉΓòÉΓòÉΓòÉΓòÉΓòÉΓòÉΓòÉΓòÉΓòÉΓòÉΓòÉΓòÉΓòÉΓòÉΓòÉΓòÉΓòÉΓòÉΓòÉΓòÉΓòÉΓòÉΓòÉΓòÉΓòÉΓòÉΓòÉΓòÉΓòÉΓòÉΓòÉΓòÉΓòÉΓòÉΓòÉΓòÉΓòÉΓòÉΓòÉΓòÉΓòÉΓòÉΓòÉΓòÉΓòÉ
The following assertion was thrown building Scaffold-[LabeledGlobalKey<ScaffoldState>#4233e](dirty,
state: ScaffoldState#dbcc2(tickers: tracking 3 tickers)):
No Directionality widget found.
Scaffold widgets require a Directionality widget ancestor.
The specific widget that could not find a Directionality ancestor was:
  Scaffold-[LabeledGlobalKey<ScaffoldState>#4233e]
The ownership chain for the affected widget is: "Scaffold-[LabeledGlobalKey<ScaffoldState>#4233e] ΓåÉ
  Builder ΓåÉ MyApp ΓåÉ _FocusInheritedScope ΓåÉ _FocusScopeWithExternalFocusNode ΓåÉ _FocusInheritedScope ΓåÉ
  Focus ΓåÉ FocusTraversalGroup ΓåÉ MediaQuery ΓåÉ _MediaQueryFromView ΓåÉ Γï»"
Typically, the Directionality widget is introduced by the MaterialApp or WidgetsApp widget at the
top of your application widget tree. It determines the ambient reading direction and is used, for
example, to determine how to lay out text, how to interpret "start" and "end" values, and to resolve
EdgeInsetsDirectional, AlignmentDirectional, and other *Directional objects.

The relevant error-causing widget was:
  Scaffold-[LabeledGlobalKey<ScaffoldState>#4233e]
  Scaffold:file:///C:/flutter%20projects/flutter-learning-journey-wael-abu-hamza/lib/main.dart:3999:16

When the exception was thrown, this was the stack:
#0      debugCheckHasDirectionality.<anonymous closure> (package:flutter/src/widgets/debug.dart:375:7)
#1      debugCheckHasDirectionality (package:flutter/src/widgets/debug.dart:397:4)
#2      ScaffoldState.build (package:flutter/src/material/scaffold.dart:2976:12)
#3      StatefulElement.build (package:flutter/src/widgets/framework.dart:5934:27)
#4      ComponentElement.performRebuild (package:flutter/src/widgets/framework.dart:5820:15)
#5      StatefulElement.performRebuild (package:flutter/src/widgets/framework.dart:5985:11)
#6      Element.rebuild (package:flutter/src/widgets/framework.dart:5532:7)
#7      ComponentElement._firstBuild (package:flutter/src/widgets/framework.dart:5802:5)
#8      StatefulElement._firstBuild (package:flutter/src/widgets/framework.dart:5976:11)
#9      ComponentElement.mount (package:flutter/src/widgets/framework.dart:5796:5)
...     Normal element mounting (15 frames)
#24     Element.inflateWidget (package:flutter/src/widgets/framework.dart:4590:20)
#25     Element.updateChild (package:flutter/src/widgets/framework.dart:4053:20)
#26     ComponentElement.performRebuild (package:flutter/src/widgets/framework.dart:5844:16)
#27     Element.rebuild (package:flutter/src/widgets/framework.dart:5532:7)
#28     ProxyElement.update (package:flutter/src/widgets/framework.dart:6152:5)
#29     _InheritedNotifierElement.update (package:flutter/src/widgets/inherited_notifier.dart:108:11)
#30     Element.updateChild (package:flutter/src/widgets/framework.dart:4037:15)
#31     ComponentElement.performRebuild (package:flutter/src/widgets/framework.dart:5844:16)
#32     StatefulElement.performRebuild (package:flutter/src/widgets/framework.dart:5985:11)
#33     Element.rebuild (package:flutter/src/widgets/framework.dart:5532:7)
#34     StatefulElement.update (package:flutter/src/widgets/framework.dart:6010:5)
#35     Element.updateChild (package:flutter/src/widgets/framework.dart:4037:15)
#36     ComponentElement.performRebuild (package:flutter/src/widgets/framework.dart:5844:16)
#37     Element.rebuild (package:flutter/src/widgets/framework.dart:5532:7)
#38     ProxyElement.update (package:flutter/src/widgets/framework.dart:6152:5)
#39     _InheritedNotifierElement.update (package:flutter/src/widgets/inherited_notifier.dart:108:11)
#40     Element.updateChild (package:flutter/src/widgets/framework.dart:4037:15)
#41     ComponentElement.performRebuild (package:flutter/src/widgets/framework.dart:5844:16)
#42     StatefulElement.performRebuild (package:flutter/src/widgets/framework.dart:5985:11)
#43     Element.rebuild (package:flutter/src/widgets/framework.dart:5532:7)
#44     StatefulElement.update (package:flutter/src/widgets/framework.dart:6010:5)
#45     Element.updateChild (package:flutter/src/widgets/framework.dart:4037:15)
#46     ComponentElement.performRebuild (package:flutter/src/widgets/framework.dart:5844:16)
#47     StatefulElement.performRebuild (package:flutter/src/widgets/framework.dart:5985:11)
#48     Element.rebuild (package:flutter/src/widgets/framework.dart:5532:7)
#49     StatefulElement.update (package:flutter/src/widgets/framework.dart:6010:5)
#50     Element.updateChild (package:flutter/src/widgets/framework.dart:4037:15)
#51     ComponentElement.performRebuild (package:flutter/src/widgets/framework.dart:5844:16)
#52     Element.rebuild (package:flutter/src/widgets/framework.dart:5532:7)
#53     ProxyElement.update (package:flutter/src/widgets/framework.dart:6152:5)
#54     Element.updateChild (package:flutter/src/widgets/framework.dart:4037:15)
#55     ComponentElement.performRebuild (package:flutter/src/widgets/framework.dart:5844:16)
#56     StatefulElement.performRebuild (package:flutter/src/widgets/framework.dart:5985:11)
#57     Element.rebuild (package:flutter/src/widgets/framework.dart:5532:7)
#58     StatefulElement.update (package:flutter/src/widgets/framework.dart:6010:5)
#59     Element.updateChild (package:flutter/src/widgets/framework.dart:4037:15)
#60     ComponentElement.performRebuild (package:flutter/src/widgets/framework.dart:5844:16)
#61     Element.rebuild (package:flutter/src/widgets/framework.dart:5532:7)
#62     ProxyElement.update (package:flutter/src/widgets/framework.dart:6152:5)
#63     Element.updateChild (package:flutter/src/widgets/framework.dart:4037:15)
#64     ComponentElement.performRebuild (package:flutter/src/widgets/framework.dart:5844:16)
#65     Element.rebuild (package:flutter/src/widgets/framework.dart:5532:7)
#66     ProxyElement.update (package:flutter/src/widgets/framework.dart:6152:5)
#67     Element.updateChild (package:flutter/src/widgets/framework.dart:4037:15)
#68     _RawViewElement._updateChild (package:flutter/src/widgets/view.dart:481:16)
#69     _RawViewElement.update (package:flutter/src/widgets/view.dart:568:5)
#70     Element.updateChild (package:flutter/src/widgets/framework.dart:4037:15)
#71     ComponentElement.performRebuild (package:flutter/src/widgets/framework.dart:5844:16)
#72     Element.rebuild (package:flutter/src/widgets/framework.dart:5532:7)
#73     StatelessElement.update (package:flutter/src/widgets/framework.dart:5898:5)
#74     Element.updateChild (package:flutter/src/widgets/framework.dart:4037:15)
#75     ComponentElement.performRebuild (package:flutter/src/widgets/framework.dart:5844:16)
#76     StatefulElement.performRebuild (package:flutter/src/widgets/framework.dart:5985:11)
#77     Element.rebuild (package:flutter/src/widgets/framework.dart:5532:7)
#78     StatefulElement.update (package:flutter/src/widgets/framework.dart:6010:5)
#79     Element.updateChild (package:flutter/src/widgets/framework.dart:4037:15)
#80     RootElement._rebuild (package:flutter/src/widgets/binding.dart:1782:16)
#81     RootElement.update (package:flutter/src/widgets/binding.dart:1760:5)
#82     RootElement.performRebuild (package:flutter/src/widgets/binding.dart:1774:7)
#83     Element.rebuild (package:flutter/src/widgets/framework.dart:5532:7)
#84     BuildScope._tryRebuild (package:flutter/src/widgets/framework.dart:2750:15)
#85     BuildScope._flushDirtyElements (package:flutter/src/widgets/framework.dart:2807:11)
#86     BuildOwner.buildScope (package:flutter/src/widgets/framework.dart:3111:18)
#87     AutomatedTestWidgetsFlutterBinding.drawFrame (package:flutter_test/src/binding.dart:1506:19)
#88     RendererBinding._handlePersistentFrameCallback (package:flutter/src/rendering/binding.dart:495:5)
#89     SchedulerBinding._invokeFrameCallback (package:flutter/src/scheduler/binding.dart:1434:15)
#90     SchedulerBinding.handleDrawFrame (package:flutter/src/scheduler/binding.dart:1347:9)
#91     AutomatedTestWidgetsFlutterBinding.pump.<anonymous closure> (package:flutter_test/src/binding.dart:1335:9)
#94     TestAsyncUtils.guard (package:flutter_test/src/test_async_utils.dart:74:41)
#95     AutomatedTestWidgetsFlutterBinding.pump (package:flutter_test/src/binding.dart:1324:27)
#96     WidgetTester.pumpWidget.<anonymous closure> (package:flutter_test/src/widget_tester.dart:598:22)
#99     TestAsyncUtils.guard (package:flutter_test/src/test_async_utils.dart:74:41)
#100    WidgetTester.pumpWidget (package:flutter_test/src/widget_tester.dart:595:27)
#101    main.<anonymous closure> (file:///C:/flutter%20projects/flutter-learning-journey-wael-abu-hamza/test/widget_test.dart:15:18)
#102    testWidgets.<anonymous closure>.<anonymous closure> (package:flutter_test/src/widget_tester.dart:192:29)
<asynchronous suspension>
#103    TestWidgetsFlutterBinding._runTestBody (package:flutter_test/src/binding.dart:1059:5)
<asynchronous suspension>
<asynchronous suspension>
(elided 5 frames from dart:async and package:stack_trace)

ΓòÉΓòÉΓòÉΓòÉΓòÉΓòÉΓòÉΓòÉΓòÉΓòÉΓòÉΓòÉΓòÉΓòÉΓòÉΓòÉΓòÉΓòÉΓòÉΓòÉΓòÉΓòÉΓòÉΓòÉΓòÉΓòÉΓòÉΓòÉΓòÉΓòÉΓòÉΓòÉΓòÉΓòÉΓòÉΓòÉΓòÉΓòÉΓòÉΓòÉΓòÉΓòÉΓòÉΓòÉΓòÉΓòÉΓòÉΓòÉΓòÉΓòÉΓòÉΓòÉΓòÉΓòÉΓòÉΓòÉΓòÉΓòÉΓòÉΓòÉΓòÉΓòÉΓòÉΓòÉΓòÉΓòÉΓòÉΓòÉΓòÉΓòÉΓòÉΓòÉΓòÉΓòÉΓòÉΓòÉΓòÉΓòÉΓòÉΓòÉΓòÉΓòÉΓòÉΓòÉΓòÉΓòÉΓòÉΓòÉΓòÉΓòÉΓòÉΓòÉΓòÉΓòÉΓòÉΓòÉΓòÉΓòÉΓòÉΓòÉ
ΓòÉΓòÉΓòí EXCEPTION CAUGHT BY FLUTTER TEST FRAMEWORK Γò₧ΓòÉΓòÉΓòÉΓòÉΓòÉΓòÉΓòÉΓòÉΓòÉΓòÉΓòÉΓòÉΓòÉΓòÉΓòÉΓòÉΓòÉΓòÉΓòÉΓòÉΓòÉΓòÉΓòÉΓòÉΓòÉΓòÉΓòÉΓòÉΓòÉΓòÉΓòÉΓòÉΓòÉΓòÉΓòÉΓòÉΓòÉΓòÉΓòÉΓòÉΓòÉΓòÉΓòÉΓòÉΓòÉΓòÉΓòÉΓòÉΓòÉΓòÉΓòÉΓòÉ
The following assertion was thrown running a test:
The finder "Found 0 widgets with text "Show SnackBar": []" (used in a call to "tap()") could not
find any matching widgets.

When the exception was thrown, this was the stack:
#0      WidgetController._getElementPoint (package:flutter_test/src/controller.dart:2013:7)
#1      WidgetController.getCenter (package:flutter_test/src/controller.dart:1865:12)
#2      WidgetController.tap (package:flutter_test/src/controller.dart:1045:7)
#3      main.<anonymous closure> (file:///C:/flutter%20projects/flutter-learning-journey-wael-abu-hamza/test/widget_test.dart:21:18)
<asynchronous suspension>
#4      testWidgets.<anonymous closure>.<anonymous closure> (package:flutter_test/src/widget_tester.dart:192:15)
<asynchronous suspension>
#5      TestWidgetsFlutterBinding._runTestBody (package:flutter_test/src/binding.dart:1059:5)
<asynchronous suspension>
<asynchronous suspension>
(elided one frame from package:stack_trace)

The test description was:
  SnackBar smoke test
ΓòÉΓòÉΓòÉΓòÉΓòÉΓòÉΓòÉΓòÉΓòÉΓòÉΓòÉΓòÉΓòÉΓòÉΓòÉΓòÉΓòÉΓòÉΓòÉΓòÉΓòÉΓòÉΓòÉΓòÉΓòÉΓòÉΓòÉΓòÉΓòÉΓòÉΓòÉΓòÉΓòÉΓòÉΓòÉΓòÉΓòÉΓòÉΓòÉΓòÉΓòÉΓòÉΓòÉΓòÉΓòÉΓòÉΓòÉΓòÉΓòÉΓòÉΓòÉΓòÉΓòÉΓòÉΓòÉΓòÉΓòÉΓòÉΓòÉΓòÉΓòÉΓòÉΓòÉΓòÉΓòÉΓòÉΓòÉΓòÉΓòÉΓòÉΓòÉΓòÉΓòÉΓòÉΓòÉΓòÉΓòÉΓòÉΓòÉΓòÉΓòÉΓòÉΓòÉΓòÉΓòÉΓòÉΓòÉΓòÉΓòÉΓòÉΓòÉΓòÉΓòÉΓòÉΓòÉΓòÉΓòÉΓòÉΓòÉΓòÉ
ΓòÉΓòÉΓòí EXCEPTION CAUGHT BY FLUTTER TEST FRAMEWORK Γò₧ΓòÉΓòÉΓòÉΓòÉΓòÉΓòÉΓòÉΓòÉΓòÉΓòÉΓòÉΓòÉΓòÉΓòÉΓòÉΓòÉΓòÉΓòÉΓòÉΓòÉΓòÉΓòÉΓòÉΓòÉΓòÉΓòÉΓòÉΓòÉΓòÉΓòÉΓòÉΓòÉΓòÉΓòÉΓòÉΓòÉΓòÉΓòÉΓòÉΓòÉΓòÉΓòÉΓòÉΓòÉΓòÉΓòÉΓòÉΓòÉΓòÉΓòÉΓòÉΓòÉ
The following message was thrown:
Multiple exceptions (2) were detected during the running of the current test, and at least one was
unexpected.
ΓòÉΓòÉΓòÉΓòÉΓòÉΓòÉΓòÉΓòÉΓòÉΓòÉΓòÉΓòÉΓòÉΓòÉΓòÉΓòÉΓòÉΓòÉΓòÉΓòÉΓòÉΓòÉΓòÉΓòÉΓòÉΓòÉΓòÉΓòÉΓòÉΓòÉΓòÉΓòÉΓòÉΓòÉΓòÉΓòÉΓòÉΓòÉΓòÉΓòÉΓòÉΓòÉΓòÉΓòÉΓòÉΓòÉΓòÉΓòÉΓòÉΓòÉΓòÉΓòÉΓòÉΓòÉΓòÉΓòÉΓòÉΓòÉΓòÉΓòÉΓòÉΓòÉΓòÉΓòÉΓòÉΓòÉΓòÉΓòÉΓòÉΓòÉΓòÉΓòÉΓòÉΓòÉΓòÉΓòÉΓòÉΓòÉΓòÉΓòÉΓòÉΓòÉΓòÉΓòÉΓòÉΓòÉΓòÉΓòÉΓòÉΓòÉΓòÉΓòÉΓòÉΓòÉΓòÉΓòÉΓòÉΓòÉΓòÉΓòÉ
00:01 +0 -1: SnackBar smoke test [E]
  Test failed. See exception logs above.
  The test description was: SnackBar smoke test
  
00:01 +0 -1: Some tests failed.
